2025-03-26 19:56:45.422 [http-nio-8080-exec-4] INFO  r.b.aop.taskaop.aspect.LogAspect - Started method : getTasks
2025-03-26 20:17:33.151 [http-nio-8080-exec-9] ERROR r.b.aop.taskaop.aspect.LogAspect - Exception in method: deleteTask, Exception: Task with id 1 not found
2025-03-26 20:24:05.861 [http-nio-8080-exec-2] INFO  r.b.aop.taskaop.aspect.LogAspect - Started method : getTasks
2025-03-26 20:25:37.862 [http-nio-8080-exec-3] INFO  r.b.aop.taskaop.aspect.LogAspect - Started method : getTasks
2025-03-26 20:25:50.371 [http-nio-8080-exec-6] INFO  r.b.aop.taskaop.aspect.LogAspect - AfterReturning method: createTask, Result: ru.boraldan.aop.taskaop.domen.Tasks@3b8d2cd0
2025-03-26 20:25:56.245 [http-nio-8080-exec-4] INFO  r.b.aop.taskaop.aspect.LogAspect - Around method (before): updateTask
2025-03-26 20:25:56.255 [http-nio-8080-exec-4] INFO  r.b.aop.taskaop.aspect.LogAspect - Around method (after): updateTask. Measuring the execution time : 10ms
2025-03-27 16:48:09.860 [http-nio-8080-exec-2] INFO  r.b.aop.taskaop.aspect.LogAspect - Started method : getTasks
2025-03-27 17:11:52.467 [http-nio-8080-exec-1] INFO  r.b.aop.taskaop.aspect.LogAspect - Started method : getTasks
2025-03-27 17:39:35.517 [http-nio-8080-exec-1] INFO  r.b.aop.taskaop.aspect.LogAspect - Started method : getTasks
2025-03-27 17:42:24.077 [http-nio-8080-exec-1] INFO  r.b.aop.taskaop.aspect.LogAspect - Started method : getTasks
2025-03-27 18:38:30.011 [http-nio-8080-exec-2] INFO  r.b.aop.taskaop.aspect.LogAspect - Started method : getTasks
2025-03-27 18:41:01.771 [http-nio-8080-exec-1] INFO  r.b.aop.taskaop.aspect.LogAspect - Started method : getTasks
2025-03-27 18:41:07.538 [http-nio-8080-exec-3] INFO  r.b.aop.taskaop.aspect.LogAspect - Started method : getTasks
2025-03-27 18:42:02.270 [http-nio-8080-exec-1] INFO  r.b.aop.taskaop.aspect.LogAspect - Started method : getTasks
2025-03-27 18:42:05.981 [http-nio-8080-exec-3] INFO  r.b.aop.taskaop.aspect.LogAspect - Started method : getTasks
2025-03-27 18:44:45.713 [http-nio-8080-exec-1] INFO  r.b.aop.taskaop.aspect.LogAspect - Started method : getTasks
2025-03-27 18:56:09.485 [http-nio-8080-exec-3] INFO  r.b.aop.taskaop.aspect.LogAspect - Started method : getTasks
2025-03-27 18:56:26.409 [http-nio-8080-exec-6] INFO  r.b.aop.taskaop.aspect.LogAspect - AfterReturning method: createTask, Result: TasksDto(tasksId=21, title=Task 21, description=Description of Task 21, userId=1, createdAt=2025-03-27T18:56:26.381360, updatedAt=2025-03-27T18:56:26.381360, isActive=true)
2025-03-27 18:58:02.249 [http-nio-8080-exec-8] INFO  r.b.aop.taskaop.aspect.LogAspect - Around method (before): updateTask
2025-03-27 18:58:02.252 [http-nio-8080-exec-8] INFO  r.b.aop.taskaop.aspect.LogAspect - Around method (after): updateTask. Measuring the execution time : 3ms
2025-03-27 18:58:39.038 [http-nio-8080-exec-9] INFO  r.b.aop.taskaop.aspect.LogAspect - Started method : getTasks
2025-03-27 18:59:11.710 [http-nio-8080-exec-9] INFO  r.b.aop.taskaop.aspect.LogAspect - Started method : getTasks
2025-03-27 18:59:36.766 [http-nio-8080-exec-10] INFO  r.b.aop.taskaop.aspect.LogAspect - Around method (before): updateTask
2025-03-27 18:59:36.768 [http-nio-8080-exec-10] INFO  r.b.aop.taskaop.aspect.LogAspect - Around method (after): updateTask. Measuring the execution time : 2ms
2025-03-27 18:59:56.644 [http-nio-8080-exec-1] ERROR r.b.aop.taskaop.aspect.LogAspect - Exception in method: deleteTask, Exception: Task with id 21 not found
